2025-10-03 17:50:40: URLError: fail
2025-10-03 17:50:40: Successfully called API at ifconfig.co
